C51 COMPILER V9.60.0.0   HW_MEMPOOL                                                        06/25/2021 20:51:21 PAGE 1   


C51 COMPILER V9.60.0.0, COMPILATION OF MODULE HW_MEMPOOL
OBJECT MODULE PLACED IN .\Objects\hw_MEMPool.obj
COMPILER INVOKED BY: C:\Keil_v5\C51\BIN\C51.EXE ..\..\HW_Config\hw_MEMPool.c LARGE OPTIMIZE(8,SPEED) BROWSE INCDIR(..\..
                    -\HW_Config;..\..\HW_Driver\driver_header;..\..\HW_Driver;..\..\SDKProject;..\..\SW_Support;..\..\SW_Support\header;..\..
                    -\usercode) DEBUG OBJECTEXTEND PRINT(.\Listings\hw_MEMPool.lst) OBJECT(.\Objects\hw_MEMPool.obj)

line level    source

   1          #include "hw_MEMPool.h"
   2          
   3          #ifdef MEMPOOL_CONFIG
              
              xdata char mempool[MEMPOOL_SIZE] = {0};
              
              void mempool_init (void)
              {
                      
                      init_mempool (mempool, MEMPOOL_SIZE);
                      
              }
              
              
              
              #endif /* MEMPOOL_CONFIG */


MODULE INFORMATION:   STATIC OVERLAYABLE
   CODE SIZE        =   ----    ----
   CONSTANT SIZE    =   ----    ----
   XDATA SIZE       =   ----    ----
   PDATA SIZE       =   ----    ----
   DATA SIZE        =   ----    ----
   IDATA SIZE       =   ----    ----
   BIT SIZE         =   ----    ----
END OF MODULE INFORMATION.


C51 COMPILATION COMPLETE.  0 WARNING(S),  0 ERROR(S)
